["sample.html", "sample1.5340dc1df.js", "sample2.e7d97adc3.js", "sub/sample2.e7d97adc3.js", "sub/sample3.297fef460.js"]