<!DOCTYPE html>
<html>
<head>
    <title>Hello World!</title>
    <script type="text/javascript" src="sample1.5340dc1df.js"></script>
    <script type="text/javascript" src="sample2.e7d97adc3.js"></script>
    <script type="text/javascript" src="sub/sample2.another.e7d97adc3.js"></script>
    <script type="text/javascript" src="sub/sample3.85a5d055f.js"></script>
</head>
<body>

</body>
</html>